ASSIGN ID: x TYPE: INT VALUE: 0
ASSIGN ID: x TYPE: INT VALUE: 1
ASSIGN ID: a TYPE: FLOAT VALUE: 2.000000
ASSIGN ID: b TYPE: INT VALUE: 5
ASSIGN ID: c TYPE: FLOAT VALUE: 7.000000
EXPRESSION: TYPE: FLOAT VALUE: 5.000000
ASSIGN ID: d TYPE: FLOAT VALUE: 21.000000
EXPRESSION: TYPE: FLOAT VALUE: 21.000000
EXPRESSION: TYPE: INT VALUE: 3
EXPRESSION: TYPE: FLOAT VALUE: 8.000000
EXPRESSION: TYPE: INT VALUE: 2
EXPRESSION: TYPE: STRING VALUE: test-test2
EXPRESSION: TYPE: STRING VALUE: 4 + 4 = 8
