EXPRESSION: TYPE: ARRAY VALUE: EMPTY
EXPRESSION: TYPE: ARRAY VALUE: 1
ASSIGN ID: a TYPE: INT VALUE: 9
ASSIGN ID: b TYPE: BOOL VALUE: false
ASSIGN ID: c TYPE: ARRAY VALUE: 9, 4, 6.000000, true, afds, false
ASSIGN ID: d TYPE: ARRAY VALUE: true
EXPRESSION: TYPE: INT VALUE: 9
EXPRESSION: TYPE: INT VALUE: 4
EXPRESSION: TYPE: FLOAT VALUE: 6.000000
