1: $t01 := 5
2: a := $t01
3: PARAM 123
4: CALL PUTI,1
5: GOTO 14
6: PARAM 123
7: CALL PUTI,1
8: PARAM 123
9: CALL PUTI,1
10: $t02 := a ADDI 1
11: a := $t02
12: IF a LTI 7 GOTO 3
13: GOTO 14
14: HALT
