1: $t01 := 20.000000
2: a := $t01
3: IF a GTF 10 GOTO 5
4: GOTO 7
5: IF a LTF 20 GOTO 11
6: GOTO 7
7: IF a EQ 444 GOTO 9
8: GOTO 17
9: IF a NE 555 GOTO 11
10: GOTO 17
11: PARAM 123
12: CALL PUTI,1
13: PARAM 123
14: CALL PUTI,1
15: PARAM 123
16: CALL PUTI,1
17: HALT
