1: $t01 := 20.000000
2: a := $t01
3: IF a GTF 20 GOTO 17
4: GOTO 5
5: IF a EQ 20 GOTO 17
6: GOTO 7
7: IF a EQ 20 GOTO 17
8: GOTO 9
9: IF a EQ 20 GOTO 17
10: GOTO 11
11: IF a EQ 20 GOTO 17
12: GOTO 13
13: IF a EQ 20 GOTO 17
14: GOTO 15
15: IF a EQ 20 GOTO 17
16: GOTO 23
17: PARAM 123
18: CALL PUTI,1
19: PARAM 123
20: CALL PUTI,1
21: PARAM 123
22: CALL PUTI,1
23: HALT
