1: GOTO 8
2: PARAM 123
3: CALL PUTI,1
4: PARAM 123
5: CALL PUTI,1
6: PARAM 123
7: CALL PUTI,1
8: HALT
